[paylasimlihesap.com/games.html]
[paylasimlihesap.com/static/css/sweetalert-custom.css]
[backblue.gif]
[fade.gif]
[index.html]
[paylasimlihesap.com/static/favicon.ico]
[paylasimlihesap.com/static/homepage.css]
[paylasimlihesap.com/static/responsive.css]
[paylasimlihesap.com/cf-fonts/v/inter/5.0.16/greek/wght/normal.woff2]
[paylasimlihesap.com/cf-fonts/v/inter/5.0.16/cyrillic-ext/wght/normal.woff2]
[paylasimlihesap.com/cf-fonts/v/inter/5.0.16/cyrillic/wght/normal.woff2]
[paylasimlihesap.com/cf-fonts/v/inter/5.0.16/greek-ext/wght/normal.woff2]
[paylasimlihesap.com/cf-fonts/v/inter/5.0.16/vietnamese/wght/normal.woff2]
[paylasimlihesap.com/cf-fonts/v/inter/5.0.16/latin/wght/normal.woff2]
[paylasimlihesap.com/cf-fonts/v/inter/5.0.16/latin-ext/wght/normal.woff2]
[cdnjs.cloudflare.com/ajax/libs/font-awesome/6.0.0/js/all.min.js]
[paylasimlihesap.com/static/auth.js]
[paylasimlihesap.com/cf-fonts/v/montserrat/5.0.16/cyrillic-ext/wght/normal.woff2]
[paylasimlihesap.com/cf-fonts/v/montserrat/5.0.16/cyrillic/wght/normal.woff2]
[paylasimlihesap.com/cf-fonts/v/montserrat/5.0.16/vietnamese/wght/normal.woff2]
[paylasimlihesap.com/cf-fonts/v/montserrat/5.0.16/latin/wght/normal.woff2]
[paylasimlihesap.com/cf-fonts/v/montserrat/5.0.16/latin-ext/wght/normal.woff2]
[cdnjs.cloudflare.com/ajax/libs/Swiper/8.4.5/swiper-bundle.min.css]
[cdnjs.cloudflare.com/ajax/libs/aos/2.3.4/aos.css]
[cdnjs.cloudflare.com/ajax/libs/Swiper/8.4.5/swiper-bundle.min.js]
[cdnjs.cloudflare.com/ajax/libs/aos/2.3.4/aos.js]
[store.fastly.steamstatic.com/public/shared/images/joinsteam/new_login_bg_strong_mask.jpg]
[paylasimlihesap.com/static/logo.svg]
[paylasimlihesap.com/static/login.svg]
[paylasimlihesap.com/index.html]
[paylasimlihesap.com/static/f1-25.jpg]
[paylasimlihesap.com/${game.libraryImage}]
[paylasimlihesap.com/about.html]
[paylasimlihesap.com/how-it-works.html]
[paylasimlihesap.com/testimonials.html]
[paylasimlihesap.com/blog.html]
[paylasimlihesap.com/faq.html]
[paylasimlihesap.com/terms.html]
[paylasimlihesap.com/privacy-policy.html]
[paylasimlihesap.com/games.html]
[paylasimlihesap.com/static/css/sweetalert-custom.css]
[paylasimlihesap.com/static/homepage.css]
[paylasimlihesap.com/static/responsive.css]
[cdnjs.cloudflare.com/ajax/libs/Swiper/8.4.5/swiper-bundle.min.css]
[cdnjs.cloudflare.com/ajax/libs/aos/2.3.4/aos.css]
[paylasimlihesap.com/cdn-cgi/scripts/7d0fa10a/cloudflare-static/rocket-loader.min.js]
[paylasimlihesap.com/static/images/hero-slide1.webp]
[paylasimlihesap.com/static/images/hero-slide2.webp]
[paylasimlihesap.com/static/images/hero-slide3.webp]
[paylasimlihesap.com/index.html]
[paylasimlihesap.com/static/logo.svg]
[paylasimlihesap.com/static/login.svg]
[steamcdn-a.akamaihd.net/steam/apps/${game.appID}/header.html]
[paylasimlihesap.com/${game.html]
[wallpapercave.com/wp/wp13104550.png]
[paylasimlihesap.com/about.html]
[images2.alphacoders.com/596/596921.jpg]
[gallery.gtavision.com/pics/v_artwork10.jpg]
[paylasimlihesap.com/how-it-works.html]
[paylasimlihesap.com/testimonials.html]
[shared.fastly.steamstatic.com/store_item_assets/steam/apps/1091500/ss_0002f18563d313bdd1d82c725d411408ebf762b0.1920x1080b553.jpg]
[paylasimlihesap.com/static/construction.33.delayed]
[cdn-icons-png.flaticon.com/512/6295/6295417.png]
[paylasimlihesap.com/blog.html]
[shared.fastly.steamstatic.com/store_item_assets/steam/apps/1551360/ss_49297af1ddef7779e644c2deb1df611a5f5cd344.1920x1080dd7b.jpg]
[paylasimlihesap.com/faq.html]
[shared.fastly.steamstatic.com/store_item_assets/steam/apps/1091500/ss_0002f18563d313bdd1d82c725d411408ebf762b0.1920x1080.jpg]
[paylasimlihesap.com/terms.html]
[paylasimlihesap.com/cdn-cgi/l/email-protection.3b.delayed]
[paylasimlihesap.com/privacy-policy.html]
[paylasimlihesap.com/static/construction.html]
[paylasimlihesap.com/cdn-cgi/l/email-protection.html]
[paylasimlihesap.com/cdn-cgi/scripts/5c5dd728/cloudflare-static/email-decode.min.js]
